// Jest Snapshot v1, https://goo.gl/fbAQLP

exports[` 1`] = `undefined`;

exports[`<Main /> should render the heading 1`] = `
<main>
  <h1>
    React Avan√ßado
  </h1>
</main>
`;
